// Jest Snapshot v1, https://goo.gl/fbAQLP

exports[`matches snapshot 1`] = `
<DocumentFragment>
  <div>
    <form>
      <label
        for="task"
      >
        Add To Do's!
      </label>
      <br />
      <input
        id="task"
        name="task"
        placeholder="Add todo here"
        type="text"
        value=""
      />
      <button>
        Submit
      </button>
    </form>
    <ul
      class="TodoList"
    />
  </div>
</DocumentFragment>
`;
